// Jest Snapshot v1, https://goo.gl/fbAQLP

exports[`renders correctly 1`] = `
<div
  className="component_game-block"
>
  <div
    className="component_game-cell"
  >
    <input
      className="game-cell_input"
      maxLength={1}
      onMouseEnter={[Function]}
      type="text"
    />
  </div>
  <div
    className="component_game-cell"
  >
    <input
      className="game-cell_input"
      maxLength={1}
      onMouseEnter={[Function]}
      type="text"
    />
  </div>
  <div
    className="component_game-cell"
  >
    <input
      className="game-cell_input"
      maxLength={1}
      onMouseEnter={[Function]}
      type="text"
    />
  </div>
  <div
    className="component_game-cell"
  >
    <input
      className="game-cell_input"
      maxLength={1}
      onMouseEnter={[Function]}
      type="text"
    />
  </div>
  <div
    className="component_game-cell"
  >
    <input
      className="game-cell_input"
      maxLength={1}
      onMouseEnter={[Function]}
      type="text"
    />
  </div>
  <div
    className="component_game-cell"
  >
    <input
      className="game-cell_input"
      maxLength={1}
      onMouseEnter={[Function]}
      type="text"
    />
  </div>
  <div
    className="component_game-cell"
  >
    <input
      className="game-cell_input"
      maxLength={1}
      onMouseEnter={[Function]}
      type="text"
    />
  </div>
  <div
    className="component_game-cell"
  >
    <input
      className="game-cell_input"
      maxLength={1}
      onMouseEnter={[Function]}
      type="text"
    />
  </div>
  <div
    className="component_game-cell"
  >
    <input
      className="game-cell_input"
      maxLength={1}
      onMouseEnter={[Function]}
      type="text"
    />
  </div>
</div>
`;
