// Jest Snapshot v1, https://goo.gl/fbAQLP

exports[`renders correctly 1`] = `
<section
  className="component_grid"
>
  <div
    className="component_game-block"
  >
    <div
      className="component_game-cell"
    >
      <input
        className="game-cell_input"
        maxLength={1}
        onBlur={[Function]}
        onChange={[Function]}
        onFocus={[Function]}
        placeholder="0"
        type="text"
        value="0"
      />
    </div>
    <div
      className="component_game-cell"
    >
      <input
        className="game-cell_input"
        maxLength={1}
        onBlur={[Function]}
        onChange={[Function]}
        onFocus={[Function]}
        placeholder="0"
        type="text"
        value="0"
      />
    </div>
    <div
      className="component_game-cell"
    >
      <input
        className="game-cell_input"
        maxLength={1}
        onBlur={[Function]}
        onChange={[Function]}
        onFocus={[Function]}
        placeholder="0"
        type="text"
        value="0"
      />
    </div>
    <div
      className="component_game-cell"
    >
      <input
        className="game-cell_input"
        maxLength={1}
        onBlur={[Function]}
        onChange={[Function]}
        onFocus={[Function]}
        placeholder="0"
        type="text"
        value="0"
      />
    </div>
    <div
      className="component_game-cell"
    >
      <input
        className="game-cell_input"
        maxLength={1}
        onBlur={[Function]}
        onChange={[Function]}
        onFocus={[Function]}
        placeholder="0"
        type="text"
        value="0"
      />
    </div>
    <div
      className="component_game-cell"
    >
      <input
        className="game-cell_input"
        maxLength={1}
        onBlur={[Function]}
        onChange={[Function]}
        onFocus={[Function]}
        placeholder="0"
        type="text"
        value="0"
      />
    </div>
    <div
      className="component_game-cell"
    >
      <input
        className="game-cell_input"
        maxLength={1}
        onBlur={[Function]}
        onChange={[Function]}
        onFocus={[Function]}
        placeholder="0"
        type="text"
        value="0"
      />
    </div>
    <div
      className="component_game-cell"
    >
      <input
        className="game-cell_input"
        maxLength={1}
        onBlur={[Function]}
        onChange={[Function]}
        onFocus={[Function]}
        placeholder="0"
        type="text"
        value="0"
      />
    </div>
    <div
      className="component_game-cell"
    >
      <input
        className="game-cell_input"
        maxLength={1}
        onBlur={[Function]}
        onChange={[Function]}
        onFocus={[Function]}
        placeholder="0"
        type="text"
        value="0"
      />
    </div>
  </div>
  <div
    className="component_game-block"
  >
    <div
      className="component_game-cell"
    >
      <input
        className="game-cell_input"
        maxLength={1}
        onBlur={[Function]}
        onChange={[Function]}
        onFocus={[Function]}
        placeholder="0"
        type="text"
        value="0"
      />
    </div>
    <div
      className="component_game-cell"
    >
      <input
        className="game-cell_input"
        maxLength={1}
        onBlur={[Function]}
        onChange={[Function]}
        onFocus={[Function]}
        placeholder="0"
        type="text"
        value="1"
      />
    </div>
    <div
      className="component_game-cell"
    >
      <input
        className="game-cell_input"
        maxLength={1}
        onBlur={[Function]}
        onChange={[Function]}
        onFocus={[Function]}
        placeholder="0"
        type="text"
        value="0"
      />
    </div>
    <div
      className="component_game-cell"
    >
      <input
        className="game-cell_input"
        maxLength={1}
        onBlur={[Function]}
        onChange={[Function]}
        onFocus={[Function]}
        placeholder="0"
        type="text"
        value="0"
      />
    </div>
    <div
      className="component_game-cell"
    >
      <input
        className="game-cell_input"
        maxLength={1}
        onBlur={[Function]}
        onChange={[Function]}
        onFocus={[Function]}
        placeholder="0"
        type="text"
        value="0"
      />
    </div>
    <div
      className="component_game-cell"
    >
      <input
        className="game-cell_input"
        maxLength={1}
        onBlur={[Function]}
        onChange={[Function]}
        onFocus={[Function]}
        placeholder="0"
        type="text"
        value="0"
      />
    </div>
    <div
      className="component_game-cell"
    >
      <input
        className="game-cell_input"
        maxLength={1}
        onBlur={[Function]}
        onChange={[Function]}
        onFocus={[Function]}
        placeholder="0"
        type="text"
        value="0"
      />
    </div>
    <div
      className="component_game-cell"
    >
      <input
        className="game-cell_input"
        maxLength={1}
        onBlur={[Function]}
        onChange={[Function]}
        onFocus={[Function]}
        placeholder="0"
        type="text"
        value="0"
      />
    </div>
    <div
      className="component_game-cell"
    >
      <input
        className="game-cell_input"
        maxLength={1}
        onBlur={[Function]}
        onChange={[Function]}
        onFocus={[Function]}
        placeholder="0"
        type="text"
        value="0"
      />
    </div>
  </div>
  <div
    className="component_game-block"
  >
    <div
      className="component_game-cell"
    >
      <input
        className="game-cell_input"
        maxLength={1}
        onBlur={[Function]}
        onChange={[Function]}
        onFocus={[Function]}
        placeholder="0"
        type="text"
        value="0"
      />
    </div>
    <div
      className="component_game-cell"
    >
      <input
        className="game-cell_input"
        maxLength={1}
        onBlur={[Function]}
        onChange={[Function]}
        onFocus={[Function]}
        placeholder="0"
        type="text"
        value="0"
      />
    </div>
    <div
      className="component_game-cell"
    >
      <input
        className="game-cell_input"
        maxLength={1}
        onBlur={[Function]}
        onChange={[Function]}
        onFocus={[Function]}
        placeholder="0"
        type="text"
        value="2"
      />
    </div>
    <div
      className="component_game-cell"
    >
      <input
        className="game-cell_input"
        maxLength={1}
        onBlur={[Function]}
        onChange={[Function]}
        onFocus={[Function]}
        placeholder="0"
        type="text"
        value="0"
      />
    </div>
    <div
      className="component_game-cell"
    >
      <input
        className="game-cell_input"
        maxLength={1}
        onBlur={[Function]}
        onChange={[Function]}
        onFocus={[Function]}
        placeholder="0"
        type="text"
        value="0"
      />
    </div>
    <div
      className="component_game-cell"
    >
      <input
        className="game-cell_input"
        maxLength={1}
        onBlur={[Function]}
        onChange={[Function]}
        onFocus={[Function]}
        placeholder="0"
        type="text"
        value="0"
      />
    </div>
    <div
      className="component_game-cell"
    >
      <input
        className="game-cell_input"
        maxLength={1}
        onBlur={[Function]}
        onChange={[Function]}
        onFocus={[Function]}
        placeholder="0"
        type="text"
        value="0"
      />
    </div>
    <div
      className="component_game-cell"
    >
      <input
        className="game-cell_input"
        maxLength={1}
        onBlur={[Function]}
        onChange={[Function]}
        onFocus={[Function]}
        placeholder="0"
        type="text"
        value="0"
      />
    </div>
    <div
      className="component_game-cell"
    >
      <input
        className="game-cell_input"
        maxLength={1}
        onBlur={[Function]}
        onChange={[Function]}
        onFocus={[Function]}
        placeholder="0"
        type="text"
        value="0"
      />
    </div>
  </div>
  <div
    className="component_game-block"
  >
    <div
      className="component_game-cell"
    >
      <input
        className="game-cell_input"
        maxLength={1}
        onBlur={[Function]}
        onChange={[Function]}
        onFocus={[Function]}
        placeholder="0"
        type="text"
        value="0"
      />
    </div>
    <div
      className="component_game-cell"
    >
      <input
        className="game-cell_input"
        maxLength={1}
        onBlur={[Function]}
        onChange={[Function]}
        onFocus={[Function]}
        placeholder="0"
        type="text"
        value="0"
      />
    </div>
    <div
      className="component_game-cell"
    >
      <input
        className="game-cell_input"
        maxLength={1}
        onBlur={[Function]}
        onChange={[Function]}
        onFocus={[Function]}
        placeholder="0"
        type="text"
        value="0"
      />
    </div>
    <div
      className="component_game-cell"
    >
      <input
        className="game-cell_input"
        maxLength={1}
        onBlur={[Function]}
        onChange={[Function]}
        onFocus={[Function]}
        placeholder="0"
        type="text"
        value="3"
      />
    </div>
    <div
      className="component_game-cell"
    >
      <input
        className="game-cell_input"
        maxLength={1}
        onBlur={[Function]}
        onChange={[Function]}
        onFocus={[Function]}
        placeholder="0"
        type="text"
        value="0"
      />
    </div>
    <div
      className="component_game-cell"
    >
      <input
        className="game-cell_input"
        maxLength={1}
        onBlur={[Function]}
        onChange={[Function]}
        onFocus={[Function]}
        placeholder="0"
        type="text"
        value="0"
      />
    </div>
    <div
      className="component_game-cell"
    >
      <input
        className="game-cell_input"
        maxLength={1}
        onBlur={[Function]}
        onChange={[Function]}
        onFocus={[Function]}
        placeholder="0"
        type="text"
        value="0"
      />
    </div>
    <div
      className="component_game-cell"
    >
      <input
        className="game-cell_input"
        maxLength={1}
        onBlur={[Function]}
        onChange={[Function]}
        onFocus={[Function]}
        placeholder="0"
        type="text"
        value="0"
      />
    </div>
    <div
      className="component_game-cell"
    >
      <input
        className="game-cell_input"
        maxLength={1}
        onBlur={[Function]}
        onChange={[Function]}
        onFocus={[Function]}
        placeholder="0"
        type="text"
        value="0"
      />
    </div>
  </div>
  <div
    className="component_game-block"
  >
    <div
      className="component_game-cell"
    >
      <input
        className="game-cell_input"
        maxLength={1}
        onBlur={[Function]}
        onChange={[Function]}
        onFocus={[Function]}
        placeholder="0"
        type="text"
        value="0"
      />
    </div>
    <div
      className="component_game-cell"
    >
      <input
        className="game-cell_input"
        maxLength={1}
        onBlur={[Function]}
        onChange={[Function]}
        onFocus={[Function]}
        placeholder="0"
        type="text"
        value="0"
      />
    </div>
    <div
      className="component_game-cell"
    >
      <input
        className="game-cell_input"
        maxLength={1}
        onBlur={[Function]}
        onChange={[Function]}
        onFocus={[Function]}
        placeholder="0"
        type="text"
        value="0"
      />
    </div>
    <div
      className="component_game-cell"
    >
      <input
        className="game-cell_input"
        maxLength={1}
        onBlur={[Function]}
        onChange={[Function]}
        onFocus={[Function]}
        placeholder="0"
        type="text"
        value="0"
      />
    </div>
    <div
      className="component_game-cell"
    >
      <input
        className="game-cell_input"
        maxLength={1}
        onBlur={[Function]}
        onChange={[Function]}
        onFocus={[Function]}
        placeholder="0"
        type="text"
        value="4"
      />
    </div>
    <div
      className="component_game-cell"
    >
      <input
        className="game-cell_input"
        maxLength={1}
        onBlur={[Function]}
        onChange={[Function]}
        onFocus={[Function]}
        placeholder="0"
        type="text"
        value="0"
      />
    </div>
    <div
      className="component_game-cell"
    >
      <input
        className="game-cell_input"
        maxLength={1}
        onBlur={[Function]}
        onChange={[Function]}
        onFocus={[Function]}
        placeholder="0"
        type="text"
        value="0"
      />
    </div>
    <div
      className="component_game-cell"
    >
      <input
        className="game-cell_input"
        maxLength={1}
        onBlur={[Function]}
        onChange={[Function]}
        onFocus={[Function]}
        placeholder="0"
        type="text"
        value="0"
      />
    </div>
    <div
      className="component_game-cell"
    >
      <input
        className="game-cell_input"
        maxLength={1}
        onBlur={[Function]}
        onChange={[Function]}
        onFocus={[Function]}
        placeholder="0"
        type="text"
        value="0"
      />
    </div>
  </div>
  <div
    className="component_game-block"
  >
    <div
      className="component_game-cell"
    >
      <input
        className="game-cell_input"
        maxLength={1}
        onBlur={[Function]}
        onChange={[Function]}
        onFocus={[Function]}
        placeholder="0"
        type="text"
        value="0"
      />
    </div>
    <div
      className="component_game-cell"
    >
      <input
        className="game-cell_input"
        maxLength={1}
        onBlur={[Function]}
        onChange={[Function]}
        onFocus={[Function]}
        placeholder="0"
        type="text"
        value="0"
      />
    </div>
    <div
      className="component_game-cell"
    >
      <input
        className="game-cell_input"
        maxLength={1}
        onBlur={[Function]}
        onChange={[Function]}
        onFocus={[Function]}
        placeholder="0"
        type="text"
        value="0"
      />
    </div>
    <div
      className="component_game-cell"
    >
      <input
        className="game-cell_input"
        maxLength={1}
        onBlur={[Function]}
        onChange={[Function]}
        onFocus={[Function]}
        placeholder="0"
        type="text"
        value="0"
      />
    </div>
    <div
      className="component_game-cell"
    >
      <input
        className="game-cell_input"
        maxLength={1}
        onBlur={[Function]}
        onChange={[Function]}
        onFocus={[Function]}
        placeholder="0"
        type="text"
        value="0"
      />
    </div>
    <div
      className="component_game-cell"
    >
      <input
        className="game-cell_input"
        maxLength={1}
        onBlur={[Function]}
        onChange={[Function]}
        onFocus={[Function]}
        placeholder="0"
        type="text"
        value="5"
      />
    </div>
    <div
      className="component_game-cell"
    >
      <input
        className="game-cell_input"
        maxLength={1}
        onBlur={[Function]}
        onChange={[Function]}
        onFocus={[Function]}
        placeholder="0"
        type="text"
        value="0"
      />
    </div>
    <div
      className="component_game-cell"
    >
      <input
        className="game-cell_input"
        maxLength={1}
        onBlur={[Function]}
        onChange={[Function]}
        onFocus={[Function]}
        placeholder="0"
        type="text"
        value="0"
      />
    </div>
    <div
      className="component_game-cell"
    >
      <input
        className="game-cell_input"
        maxLength={1}
        onBlur={[Function]}
        onChange={[Function]}
        onFocus={[Function]}
        placeholder="0"
        type="text"
        value="0"
      />
    </div>
  </div>
  <div
    className="component_game-block"
  >
    <div
      className="component_game-cell"
    >
      <input
        className="game-cell_input"
        maxLength={1}
        onBlur={[Function]}
        onChange={[Function]}
        onFocus={[Function]}
        placeholder="0"
        type="text"
        value="0"
      />
    </div>
    <div
      className="component_game-cell"
    >
      <input
        className="game-cell_input"
        maxLength={1}
        onBlur={[Function]}
        onChange={[Function]}
        onFocus={[Function]}
        placeholder="0"
        type="text"
        value="0"
      />
    </div>
    <div
      className="component_game-cell"
    >
      <input
        className="game-cell_input"
        maxLength={1}
        onBlur={[Function]}
        onChange={[Function]}
        onFocus={[Function]}
        placeholder="0"
        type="text"
        value="0"
      />
    </div>
    <div
      className="component_game-cell"
    >
      <input
        className="game-cell_input"
        maxLength={1}
        onBlur={[Function]}
        onChange={[Function]}
        onFocus={[Function]}
        placeholder="0"
        type="text"
        value="0"
      />
    </div>
    <div
      className="component_game-cell"
    >
      <input
        className="game-cell_input"
        maxLength={1}
        onBlur={[Function]}
        onChange={[Function]}
        onFocus={[Function]}
        placeholder="0"
        type="text"
        value="0"
      />
    </div>
    <div
      className="component_game-cell"
    >
      <input
        className="game-cell_input"
        maxLength={1}
        onBlur={[Function]}
        onChange={[Function]}
        onFocus={[Function]}
        placeholder="0"
        type="text"
        value="0"
      />
    </div>
    <div
      className="component_game-cell"
    >
      <input
        className="game-cell_input"
        maxLength={1}
        onBlur={[Function]}
        onChange={[Function]}
        onFocus={[Function]}
        placeholder="0"
        type="text"
        value="6"
      />
    </div>
    <div
      className="component_game-cell"
    >
      <input
        className="game-cell_input"
        maxLength={1}
        onBlur={[Function]}
        onChange={[Function]}
        onFocus={[Function]}
        placeholder="0"
        type="text"
        value="0"
      />
    </div>
    <div
      className="component_game-cell"
    >
      <input
        className="game-cell_input"
        maxLength={1}
        onBlur={[Function]}
        onChange={[Function]}
        onFocus={[Function]}
        placeholder="0"
        type="text"
        value="0"
      />
    </div>
  </div>
  <div
    className="component_game-block"
  >
    <div
      className="component_game-cell"
    >
      <input
        className="game-cell_input"
        maxLength={1}
        onBlur={[Function]}
        onChange={[Function]}
        onFocus={[Function]}
        placeholder="0"
        type="text"
        value="0"
      />
    </div>
    <div
      className="component_game-cell"
    >
      <input
        className="game-cell_input"
        maxLength={1}
        onBlur={[Function]}
        onChange={[Function]}
        onFocus={[Function]}
        placeholder="0"
        type="text"
        value="0"
      />
    </div>
    <div
      className="component_game-cell"
    >
      <input
        className="game-cell_input"
        maxLength={1}
        onBlur={[Function]}
        onChange={[Function]}
        onFocus={[Function]}
        placeholder="0"
        type="text"
        value="0"
      />
    </div>
    <div
      className="component_game-cell"
    >
      <input
        className="game-cell_input"
        maxLength={1}
        onBlur={[Function]}
        onChange={[Function]}
        onFocus={[Function]}
        placeholder="0"
        type="text"
        value="0"
      />
    </div>
    <div
      className="component_game-cell"
    >
      <input
        className="game-cell_input"
        maxLength={1}
        onBlur={[Function]}
        onChange={[Function]}
        onFocus={[Function]}
        placeholder="0"
        type="text"
        value="0"
      />
    </div>
    <div
      className="component_game-cell"
    >
      <input
        className="game-cell_input"
        maxLength={1}
        onBlur={[Function]}
        onChange={[Function]}
        onFocus={[Function]}
        placeholder="0"
        type="text"
        value="0"
      />
    </div>
    <div
      className="component_game-cell"
    >
      <input
        className="game-cell_input"
        maxLength={1}
        onBlur={[Function]}
        onChange={[Function]}
        onFocus={[Function]}
        placeholder="0"
        type="text"
        value="0"
      />
    </div>
    <div
      className="component_game-cell"
    >
      <input
        className="game-cell_input"
        maxLength={1}
        onBlur={[Function]}
        onChange={[Function]}
        onFocus={[Function]}
        placeholder="0"
        type="text"
        value="7"
      />
    </div>
    <div
      className="component_game-cell"
    >
      <input
        className="game-cell_input"
        maxLength={1}
        onBlur={[Function]}
        onChange={[Function]}
        onFocus={[Function]}
        placeholder="0"
        type="text"
        value="0"
      />
    </div>
  </div>
  <div
    className="component_game-block"
  >
    <div
      className="component_game-cell"
    >
      <input
        className="game-cell_input"
        maxLength={1}
        onBlur={[Function]}
        onChange={[Function]}
        onFocus={[Function]}
        placeholder="0"
        type="text"
        value="0"
      />
    </div>
    <div
      className="component_game-cell"
    >
      <input
        className="game-cell_input"
        maxLength={1}
        onBlur={[Function]}
        onChange={[Function]}
        onFocus={[Function]}
        placeholder="0"
        type="text"
        value="0"
      />
    </div>
    <div
      className="component_game-cell"
    >
      <input
        className="game-cell_input"
        maxLength={1}
        onBlur={[Function]}
        onChange={[Function]}
        onFocus={[Function]}
        placeholder="0"
        type="text"
        value="0"
      />
    </div>
    <div
      className="component_game-cell"
    >
      <input
        className="game-cell_input"
        maxLength={1}
        onBlur={[Function]}
        onChange={[Function]}
        onFocus={[Function]}
        placeholder="0"
        type="text"
        value="0"
      />
    </div>
    <div
      className="component_game-cell"
    >
      <input
        className="game-cell_input"
        maxLength={1}
        onBlur={[Function]}
        onChange={[Function]}
        onFocus={[Function]}
        placeholder="0"
        type="text"
        value="0"
      />
    </div>
    <div
      className="component_game-cell"
    >
      <input
        className="game-cell_input"
        maxLength={1}
        onBlur={[Function]}
        onChange={[Function]}
        onFocus={[Function]}
        placeholder="0"
        type="text"
        value="0"
      />
    </div>
    <div
      className="component_game-cell"
    >
      <input
        className="game-cell_input"
        maxLength={1}
        onBlur={[Function]}
        onChange={[Function]}
        onFocus={[Function]}
        placeholder="0"
        type="text"
        value="0"
      />
    </div>
    <div
      className="component_game-cell"
    >
      <input
        className="game-cell_input"
        maxLength={1}
        onBlur={[Function]}
        onChange={[Function]}
        onFocus={[Function]}
        placeholder="0"
        type="text"
        value="0"
      />
    </div>
    <div
      className="component_game-cell"
    >
      <input
        className="game-cell_input"
        maxLength={1}
        onBlur={[Function]}
        onChange={[Function]}
        onFocus={[Function]}
        placeholder="0"
        type="text"
        value="8"
      />
    </div>
  </div>
</section>
`;
