// Jest Snapshot v1, https://goo.gl/fbAQLP

exports[`renders correctly 1`] = `
<section
  className="component_grid"
>
  <section
    className="component_game-block"
  >
    <section
      className="component_game-number"
    />
    <section
      className="component_game-number"
    />
    <section
      className="component_game-number"
    />
    <section
      className="component_game-number"
    />
    <section
      className="component_game-number"
    />
    <section
      className="component_game-number"
    />
    <section
      className="component_game-number"
    />
    <section
      className="component_game-number"
    />
    <section
      className="component_game-number"
    />
  </section>
  <section
    className="component_game-block"
  >
    <section
      className="component_game-number"
    />
    <section
      className="component_game-number"
    />
    <section
      className="component_game-number"
    />
    <section
      className="component_game-number"
    />
    <section
      className="component_game-number"
    />
    <section
      className="component_game-number"
    />
    <section
      className="component_game-number"
    />
    <section
      className="component_game-number"
    />
    <section
      className="component_game-number"
    />
  </section>
  <section
    className="component_game-block"
  >
    <section
      className="component_game-number"
    />
    <section
      className="component_game-number"
    />
    <section
      className="component_game-number"
    />
    <section
      className="component_game-number"
    />
    <section
      className="component_game-number"
    />
    <section
      className="component_game-number"
    />
    <section
      className="component_game-number"
    />
    <section
      className="component_game-number"
    />
    <section
      className="component_game-number"
    />
  </section>
  <section
    className="component_game-block"
  >
    <section
      className="component_game-number"
    />
    <section
      className="component_game-number"
    />
    <section
      className="component_game-number"
    />
    <section
      className="component_game-number"
    />
    <section
      className="component_game-number"
    />
    <section
      className="component_game-number"
    />
    <section
      className="component_game-number"
    />
    <section
      className="component_game-number"
    />
    <section
      className="component_game-number"
    />
  </section>
  <section
    className="component_game-block"
  >
    <section
      className="component_game-number"
    />
    <section
      className="component_game-number"
    />
    <section
      className="component_game-number"
    />
    <section
      className="component_game-number"
    />
    <section
      className="component_game-number"
    />
    <section
      className="component_game-number"
    />
    <section
      className="component_game-number"
    />
    <section
      className="component_game-number"
    />
    <section
      className="component_game-number"
    />
  </section>
  <section
    className="component_game-block"
  >
    <section
      className="component_game-number"
    />
    <section
      className="component_game-number"
    />
    <section
      className="component_game-number"
    />
    <section
      className="component_game-number"
    />
    <section
      className="component_game-number"
    />
    <section
      className="component_game-number"
    />
    <section
      className="component_game-number"
    />
    <section
      className="component_game-number"
    />
    <section
      className="component_game-number"
    />
  </section>
  <section
    className="component_game-block"
  >
    <section
      className="component_game-number"
    />
    <section
      className="component_game-number"
    />
    <section
      className="component_game-number"
    />
    <section
      className="component_game-number"
    />
    <section
      className="component_game-number"
    />
    <section
      className="component_game-number"
    />
    <section
      className="component_game-number"
    />
    <section
      className="component_game-number"
    />
    <section
      className="component_game-number"
    />
  </section>
  <section
    className="component_game-block"
  >
    <section
      className="component_game-number"
    />
    <section
      className="component_game-number"
    />
    <section
      className="component_game-number"
    />
    <section
      className="component_game-number"
    />
    <section
      className="component_game-number"
    />
    <section
      className="component_game-number"
    />
    <section
      className="component_game-number"
    />
    <section
      className="component_game-number"
    />
    <section
      className="component_game-number"
    />
  </section>
  <section
    className="component_game-block"
  >
    <section
      className="component_game-number"
    />
    <section
      className="component_game-number"
    />
    <section
      className="component_game-number"
    />
    <section
      className="component_game-number"
    />
    <section
      className="component_game-number"
    />
    <section
      className="component_game-number"
    />
    <section
      className="component_game-number"
    />
    <section
      className="component_game-number"
    />
    <section
      className="component_game-number"
    />
  </section>
</section>
`;
