// Jest Snapshot v1, https://goo.gl/fbAQLP

exports[`renders correctly 1`] = `
<section
  className="component_grid"
>
  <div
    className="component_game-block"
  >
    <div
      className="component_game-cell"
    >
      <input
        className="game-cell_input"
        maxLength={1}
        onBlur={[Function]}
        onChange={[Function]}
        onFocus={[Function]}
        placeholder="0"
        type="text"
        value=""
      />
    </div>
    <div
      className="component_game-cell"
    >
      <input
        className="game-cell_input"
        maxLength={1}
        onBlur={[Function]}
        onChange={[Function]}
        onFocus={[Function]}
        placeholder="0"
        type="text"
        value=""
      />
    </div>
    <div
      className="component_game-cell"
    >
      <input
        className="game-cell_input"
        maxLength={1}
        onBlur={[Function]}
        onChange={[Function]}
        onFocus={[Function]}
        placeholder="0"
        type="text"
        value=""
      />
    </div>
    <div
      className="component_game-cell"
    >
      <input
        className="game-cell_input"
        maxLength={1}
        onBlur={[Function]}
        onChange={[Function]}
        onFocus={[Function]}
        placeholder="0"
        type="text"
        value=""
      />
    </div>
    <div
      className="component_game-cell"
    >
      <input
        className="game-cell_input"
        maxLength={1}
        onBlur={[Function]}
        onChange={[Function]}
        onFocus={[Function]}
        placeholder="0"
        type="text"
        value=""
      />
    </div>
    <div
      className="component_game-cell"
    >
      <input
        className="game-cell_input"
        maxLength={1}
        onBlur={[Function]}
        onChange={[Function]}
        onFocus={[Function]}
        placeholder="0"
        type="text"
        value=""
      />
    </div>
    <div
      className="component_game-cell"
    >
      <input
        className="game-cell_input"
        maxLength={1}
        onBlur={[Function]}
        onChange={[Function]}
        onFocus={[Function]}
        placeholder="0"
        type="text"
        value=""
      />
    </div>
    <div
      className="component_game-cell"
    >
      <input
        className="game-cell_input"
        maxLength={1}
        onBlur={[Function]}
        onChange={[Function]}
        onFocus={[Function]}
        placeholder="0"
        type="text"
        value=""
      />
    </div>
    <div
      className="component_game-cell"
    >
      <input
        className="game-cell_input"
        maxLength={1}
        onBlur={[Function]}
        onChange={[Function]}
        onFocus={[Function]}
        placeholder="0"
        type="text"
        value=""
      />
    </div>
  </div>
  <div
    className="component_game-block"
  >
    <div
      className="component_game-cell"
    >
      <input
        className="game-cell_input"
        maxLength={1}
        onBlur={[Function]}
        onChange={[Function]}
        onFocus={[Function]}
        placeholder="0"
        type="text"
        value=""
      />
    </div>
    <div
      className="component_game-cell"
    >
      <input
        className="game-cell_input"
        maxLength={1}
        onBlur={[Function]}
        onChange={[Function]}
        onFocus={[Function]}
        placeholder="0"
        type="text"
        value=""
      />
    </div>
    <div
      className="component_game-cell"
    >
      <input
        className="game-cell_input"
        maxLength={1}
        onBlur={[Function]}
        onChange={[Function]}
        onFocus={[Function]}
        placeholder="0"
        type="text"
        value=""
      />
    </div>
    <div
      className="component_game-cell"
    >
      <input
        className="game-cell_input"
        maxLength={1}
        onBlur={[Function]}
        onChange={[Function]}
        onFocus={[Function]}
        placeholder="0"
        type="text"
        value=""
      />
    </div>
    <div
      className="component_game-cell"
    >
      <input
        className="game-cell_input"
        maxLength={1}
        onBlur={[Function]}
        onChange={[Function]}
        onFocus={[Function]}
        placeholder="0"
        type="text"
        value=""
      />
    </div>
    <div
      className="component_game-cell"
    >
      <input
        className="game-cell_input"
        maxLength={1}
        onBlur={[Function]}
        onChange={[Function]}
        onFocus={[Function]}
        placeholder="0"
        type="text"
        value=""
      />
    </div>
    <div
      className="component_game-cell"
    >
      <input
        className="game-cell_input"
        maxLength={1}
        onBlur={[Function]}
        onChange={[Function]}
        onFocus={[Function]}
        placeholder="0"
        type="text"
        value=""
      />
    </div>
    <div
      className="component_game-cell"
    >
      <input
        className="game-cell_input"
        maxLength={1}
        onBlur={[Function]}
        onChange={[Function]}
        onFocus={[Function]}
        placeholder="0"
        type="text"
        value=""
      />
    </div>
    <div
      className="component_game-cell"
    >
      <input
        className="game-cell_input"
        maxLength={1}
        onBlur={[Function]}
        onChange={[Function]}
        onFocus={[Function]}
        placeholder="0"
        type="text"
        value=""
      />
    </div>
  </div>
  <div
    className="component_game-block"
  >
    <div
      className="component_game-cell"
    >
      <input
        className="game-cell_input"
        maxLength={1}
        onBlur={[Function]}
        onChange={[Function]}
        onFocus={[Function]}
        placeholder="0"
        type="text"
        value=""
      />
    </div>
    <div
      className="component_game-cell"
    >
      <input
        className="game-cell_input"
        maxLength={1}
        onBlur={[Function]}
        onChange={[Function]}
        onFocus={[Function]}
        placeholder="0"
        type="text"
        value=""
      />
    </div>
    <div
      className="component_game-cell"
    >
      <input
        className="game-cell_input"
        maxLength={1}
        onBlur={[Function]}
        onChange={[Function]}
        onFocus={[Function]}
        placeholder="0"
        type="text"
        value=""
      />
    </div>
    <div
      className="component_game-cell"
    >
      <input
        className="game-cell_input"
        maxLength={1}
        onBlur={[Function]}
        onChange={[Function]}
        onFocus={[Function]}
        placeholder="0"
        type="text"
        value=""
      />
    </div>
    <div
      className="component_game-cell"
    >
      <input
        className="game-cell_input"
        maxLength={1}
        onBlur={[Function]}
        onChange={[Function]}
        onFocus={[Function]}
        placeholder="0"
        type="text"
        value=""
      />
    </div>
    <div
      className="component_game-cell"
    >
      <input
        className="game-cell_input"
        maxLength={1}
        onBlur={[Function]}
        onChange={[Function]}
        onFocus={[Function]}
        placeholder="0"
        type="text"
        value=""
      />
    </div>
    <div
      className="component_game-cell"
    >
      <input
        className="game-cell_input"
        maxLength={1}
        onBlur={[Function]}
        onChange={[Function]}
        onFocus={[Function]}
        placeholder="0"
        type="text"
        value=""
      />
    </div>
    <div
      className="component_game-cell"
    >
      <input
        className="game-cell_input"
        maxLength={1}
        onBlur={[Function]}
        onChange={[Function]}
        onFocus={[Function]}
        placeholder="0"
        type="text"
        value=""
      />
    </div>
    <div
      className="component_game-cell"
    >
      <input
        className="game-cell_input"
        maxLength={1}
        onBlur={[Function]}
        onChange={[Function]}
        onFocus={[Function]}
        placeholder="0"
        type="text"
        value=""
      />
    </div>
  </div>
  <div
    className="component_game-block"
  >
    <div
      className="component_game-cell"
    >
      <input
        className="game-cell_input"
        maxLength={1}
        onBlur={[Function]}
        onChange={[Function]}
        onFocus={[Function]}
        placeholder="0"
        type="text"
        value=""
      />
    </div>
    <div
      className="component_game-cell"
    >
      <input
        className="game-cell_input"
        maxLength={1}
        onBlur={[Function]}
        onChange={[Function]}
        onFocus={[Function]}
        placeholder="0"
        type="text"
        value=""
      />
    </div>
    <div
      className="component_game-cell"
    >
      <input
        className="game-cell_input"
        maxLength={1}
        onBlur={[Function]}
        onChange={[Function]}
        onFocus={[Function]}
        placeholder="0"
        type="text"
        value=""
      />
    </div>
    <div
      className="component_game-cell"
    >
      <input
        className="game-cell_input"
        maxLength={1}
        onBlur={[Function]}
        onChange={[Function]}
        onFocus={[Function]}
        placeholder="0"
        type="text"
        value=""
      />
    </div>
    <div
      className="component_game-cell"
    >
      <input
        className="game-cell_input"
        maxLength={1}
        onBlur={[Function]}
        onChange={[Function]}
        onFocus={[Function]}
        placeholder="0"
        type="text"
        value=""
      />
    </div>
    <div
      className="component_game-cell"
    >
      <input
        className="game-cell_input"
        maxLength={1}
        onBlur={[Function]}
        onChange={[Function]}
        onFocus={[Function]}
        placeholder="0"
        type="text"
        value=""
      />
    </div>
    <div
      className="component_game-cell"
    >
      <input
        className="game-cell_input"
        maxLength={1}
        onBlur={[Function]}
        onChange={[Function]}
        onFocus={[Function]}
        placeholder="0"
        type="text"
        value=""
      />
    </div>
    <div
      className="component_game-cell"
    >
      <input
        className="game-cell_input"
        maxLength={1}
        onBlur={[Function]}
        onChange={[Function]}
        onFocus={[Function]}
        placeholder="0"
        type="text"
        value=""
      />
    </div>
    <div
      className="component_game-cell"
    >
      <input
        className="game-cell_input"
        maxLength={1}
        onBlur={[Function]}
        onChange={[Function]}
        onFocus={[Function]}
        placeholder="0"
        type="text"
        value=""
      />
    </div>
  </div>
  <div
    className="component_game-block"
  >
    <div
      className="component_game-cell"
    >
      <input
        className="game-cell_input"
        maxLength={1}
        onBlur={[Function]}
        onChange={[Function]}
        onFocus={[Function]}
        placeholder="0"
        type="text"
        value=""
      />
    </div>
    <div
      className="component_game-cell"
    >
      <input
        className="game-cell_input"
        maxLength={1}
        onBlur={[Function]}
        onChange={[Function]}
        onFocus={[Function]}
        placeholder="0"
        type="text"
        value=""
      />
    </div>
    <div
      className="component_game-cell"
    >
      <input
        className="game-cell_input"
        maxLength={1}
        onBlur={[Function]}
        onChange={[Function]}
        onFocus={[Function]}
        placeholder="0"
        type="text"
        value=""
      />
    </div>
    <div
      className="component_game-cell"
    >
      <input
        className="game-cell_input"
        maxLength={1}
        onBlur={[Function]}
        onChange={[Function]}
        onFocus={[Function]}
        placeholder="0"
        type="text"
        value=""
      />
    </div>
    <div
      className="component_game-cell"
    >
      <input
        className="game-cell_input"
        maxLength={1}
        onBlur={[Function]}
        onChange={[Function]}
        onFocus={[Function]}
        placeholder="0"
        type="text"
        value=""
      />
    </div>
    <div
      className="component_game-cell"
    >
      <input
        className="game-cell_input"
        maxLength={1}
        onBlur={[Function]}
        onChange={[Function]}
        onFocus={[Function]}
        placeholder="0"
        type="text"
        value=""
      />
    </div>
    <div
      className="component_game-cell"
    >
      <input
        className="game-cell_input"
        maxLength={1}
        onBlur={[Function]}
        onChange={[Function]}
        onFocus={[Function]}
        placeholder="0"
        type="text"
        value=""
      />
    </div>
    <div
      className="component_game-cell"
    >
      <input
        className="game-cell_input"
        maxLength={1}
        onBlur={[Function]}
        onChange={[Function]}
        onFocus={[Function]}
        placeholder="0"
        type="text"
        value=""
      />
    </div>
    <div
      className="component_game-cell"
    >
      <input
        className="game-cell_input"
        maxLength={1}
        onBlur={[Function]}
        onChange={[Function]}
        onFocus={[Function]}
        placeholder="0"
        type="text"
        value=""
      />
    </div>
  </div>
  <div
    className="component_game-block"
  >
    <div
      className="component_game-cell"
    >
      <input
        className="game-cell_input"
        maxLength={1}
        onBlur={[Function]}
        onChange={[Function]}
        onFocus={[Function]}
        placeholder="0"
        type="text"
        value=""
      />
    </div>
    <div
      className="component_game-cell"
    >
      <input
        className="game-cell_input"
        maxLength={1}
        onBlur={[Function]}
        onChange={[Function]}
        onFocus={[Function]}
        placeholder="0"
        type="text"
        value=""
      />
    </div>
    <div
      className="component_game-cell"
    >
      <input
        className="game-cell_input"
        maxLength={1}
        onBlur={[Function]}
        onChange={[Function]}
        onFocus={[Function]}
        placeholder="0"
        type="text"
        value=""
      />
    </div>
    <div
      className="component_game-cell"
    >
      <input
        className="game-cell_input"
        maxLength={1}
        onBlur={[Function]}
        onChange={[Function]}
        onFocus={[Function]}
        placeholder="0"
        type="text"
        value=""
      />
    </div>
    <div
      className="component_game-cell"
    >
      <input
        className="game-cell_input"
        maxLength={1}
        onBlur={[Function]}
        onChange={[Function]}
        onFocus={[Function]}
        placeholder="0"
        type="text"
        value=""
      />
    </div>
    <div
      className="component_game-cell"
    >
      <input
        className="game-cell_input"
        maxLength={1}
        onBlur={[Function]}
        onChange={[Function]}
        onFocus={[Function]}
        placeholder="0"
        type="text"
        value=""
      />
    </div>
    <div
      className="component_game-cell"
    >
      <input
        className="game-cell_input"
        maxLength={1}
        onBlur={[Function]}
        onChange={[Function]}
        onFocus={[Function]}
        placeholder="0"
        type="text"
        value=""
      />
    </div>
    <div
      className="component_game-cell"
    >
      <input
        className="game-cell_input"
        maxLength={1}
        onBlur={[Function]}
        onChange={[Function]}
        onFocus={[Function]}
        placeholder="0"
        type="text"
        value=""
      />
    </div>
    <div
      className="component_game-cell"
    >
      <input
        className="game-cell_input"
        maxLength={1}
        onBlur={[Function]}
        onChange={[Function]}
        onFocus={[Function]}
        placeholder="0"
        type="text"
        value=""
      />
    </div>
  </div>
  <div
    className="component_game-block"
  >
    <div
      className="component_game-cell"
    >
      <input
        className="game-cell_input"
        maxLength={1}
        onBlur={[Function]}
        onChange={[Function]}
        onFocus={[Function]}
        placeholder="0"
        type="text"
        value=""
      />
    </div>
    <div
      className="component_game-cell"
    >
      <input
        className="game-cell_input"
        maxLength={1}
        onBlur={[Function]}
        onChange={[Function]}
        onFocus={[Function]}
        placeholder="0"
        type="text"
        value=""
      />
    </div>
    <div
      className="component_game-cell"
    >
      <input
        className="game-cell_input"
        maxLength={1}
        onBlur={[Function]}
        onChange={[Function]}
        onFocus={[Function]}
        placeholder="0"
        type="text"
        value=""
      />
    </div>
    <div
      className="component_game-cell"
    >
      <input
        className="game-cell_input"
        maxLength={1}
        onBlur={[Function]}
        onChange={[Function]}
        onFocus={[Function]}
        placeholder="0"
        type="text"
        value=""
      />
    </div>
    <div
      className="component_game-cell"
    >
      <input
        className="game-cell_input"
        maxLength={1}
        onBlur={[Function]}
        onChange={[Function]}
        onFocus={[Function]}
        placeholder="0"
        type="text"
        value=""
      />
    </div>
    <div
      className="component_game-cell"
    >
      <input
        className="game-cell_input"
        maxLength={1}
        onBlur={[Function]}
        onChange={[Function]}
        onFocus={[Function]}
        placeholder="0"
        type="text"
        value=""
      />
    </div>
    <div
      className="component_game-cell"
    >
      <input
        className="game-cell_input"
        maxLength={1}
        onBlur={[Function]}
        onChange={[Function]}
        onFocus={[Function]}
        placeholder="0"
        type="text"
        value=""
      />
    </div>
    <div
      className="component_game-cell"
    >
      <input
        className="game-cell_input"
        maxLength={1}
        onBlur={[Function]}
        onChange={[Function]}
        onFocus={[Function]}
        placeholder="0"
        type="text"
        value=""
      />
    </div>
    <div
      className="component_game-cell"
    >
      <input
        className="game-cell_input"
        maxLength={1}
        onBlur={[Function]}
        onChange={[Function]}
        onFocus={[Function]}
        placeholder="0"
        type="text"
        value=""
      />
    </div>
  </div>
  <div
    className="component_game-block"
  >
    <div
      className="component_game-cell"
    >
      <input
        className="game-cell_input"
        maxLength={1}
        onBlur={[Function]}
        onChange={[Function]}
        onFocus={[Function]}
        placeholder="0"
        type="text"
        value=""
      />
    </div>
    <div
      className="component_game-cell"
    >
      <input
        className="game-cell_input"
        maxLength={1}
        onBlur={[Function]}
        onChange={[Function]}
        onFocus={[Function]}
        placeholder="0"
        type="text"
        value=""
      />
    </div>
    <div
      className="component_game-cell"
    >
      <input
        className="game-cell_input"
        maxLength={1}
        onBlur={[Function]}
        onChange={[Function]}
        onFocus={[Function]}
        placeholder="0"
        type="text"
        value=""
      />
    </div>
    <div
      className="component_game-cell"
    >
      <input
        className="game-cell_input"
        maxLength={1}
        onBlur={[Function]}
        onChange={[Function]}
        onFocus={[Function]}
        placeholder="0"
        type="text"
        value=""
      />
    </div>
    <div
      className="component_game-cell"
    >
      <input
        className="game-cell_input"
        maxLength={1}
        onBlur={[Function]}
        onChange={[Function]}
        onFocus={[Function]}
        placeholder="0"
        type="text"
        value=""
      />
    </div>
    <div
      className="component_game-cell"
    >
      <input
        className="game-cell_input"
        maxLength={1}
        onBlur={[Function]}
        onChange={[Function]}
        onFocus={[Function]}
        placeholder="0"
        type="text"
        value=""
      />
    </div>
    <div
      className="component_game-cell"
    >
      <input
        className="game-cell_input"
        maxLength={1}
        onBlur={[Function]}
        onChange={[Function]}
        onFocus={[Function]}
        placeholder="0"
        type="text"
        value=""
      />
    </div>
    <div
      className="component_game-cell"
    >
      <input
        className="game-cell_input"
        maxLength={1}
        onBlur={[Function]}
        onChange={[Function]}
        onFocus={[Function]}
        placeholder="0"
        type="text"
        value=""
      />
    </div>
    <div
      className="component_game-cell"
    >
      <input
        className="game-cell_input"
        maxLength={1}
        onBlur={[Function]}
        onChange={[Function]}
        onFocus={[Function]}
        placeholder="0"
        type="text"
        value=""
      />
    </div>
  </div>
  <div
    className="component_game-block"
  >
    <div
      className="component_game-cell"
    >
      <input
        className="game-cell_input"
        maxLength={1}
        onBlur={[Function]}
        onChange={[Function]}
        onFocus={[Function]}
        placeholder="0"
        type="text"
        value=""
      />
    </div>
    <div
      className="component_game-cell"
    >
      <input
        className="game-cell_input"
        maxLength={1}
        onBlur={[Function]}
        onChange={[Function]}
        onFocus={[Function]}
        placeholder="0"
        type="text"
        value=""
      />
    </div>
    <div
      className="component_game-cell"
    >
      <input
        className="game-cell_input"
        maxLength={1}
        onBlur={[Function]}
        onChange={[Function]}
        onFocus={[Function]}
        placeholder="0"
        type="text"
        value=""
      />
    </div>
    <div
      className="component_game-cell"
    >
      <input
        className="game-cell_input"
        maxLength={1}
        onBlur={[Function]}
        onChange={[Function]}
        onFocus={[Function]}
        placeholder="0"
        type="text"
        value=""
      />
    </div>
    <div
      className="component_game-cell"
    >
      <input
        className="game-cell_input"
        maxLength={1}
        onBlur={[Function]}
        onChange={[Function]}
        onFocus={[Function]}
        placeholder="0"
        type="text"
        value=""
      />
    </div>
    <div
      className="component_game-cell"
    >
      <input
        className="game-cell_input"
        maxLength={1}
        onBlur={[Function]}
        onChange={[Function]}
        onFocus={[Function]}
        placeholder="0"
        type="text"
        value=""
      />
    </div>
    <div
      className="component_game-cell"
    >
      <input
        className="game-cell_input"
        maxLength={1}
        onBlur={[Function]}
        onChange={[Function]}
        onFocus={[Function]}
        placeholder="0"
        type="text"
        value=""
      />
    </div>
    <div
      className="component_game-cell"
    >
      <input
        className="game-cell_input"
        maxLength={1}
        onBlur={[Function]}
        onChange={[Function]}
        onFocus={[Function]}
        placeholder="0"
        type="text"
        value=""
      />
    </div>
    <div
      className="component_game-cell"
    >
      <input
        className="game-cell_input"
        maxLength={1}
        onBlur={[Function]}
        onChange={[Function]}
        onFocus={[Function]}
        placeholder="0"
        type="text"
        value=""
      />
    </div>
  </div>
</section>
`;
