// Jest Snapshot v1, https://goo.gl/fbAQLP

exports[`renders correctly 1`] = `
<div
  className="root_container"
>
  <div
    className="component_status"
  >
    <ul
      className="status_list"
    >
      <li
        className="status_list-item"
      >
        <div
          className="status_item-label"
        >
          Current Block
        </div>
        <div
          className="status_item-value"
        >
          0
        </div>
      </li>
      <li
        className="status_list-item"
      >
        <div
          className="status_item-label"
        >
          Current Coords
        </div>
        <div
          className="status_item-value"
        >
          0, 0
        </div>
      </li>
    </ul>
  </div>
  <section
    className="component_grid"
  >
    <div
      className="component_game-block"
    >
      <div
        className="component_game-cell"
      >
        <input
          className="game-cell_input"
          maxLength={1}
          onMouseEnter={[Function]}
          type="text"
        />
      </div>
      <div
        className="component_game-cell"
      >
        <input
          className="game-cell_input"
          maxLength={1}
          onMouseEnter={[Function]}
          type="text"
        />
      </div>
      <div
        className="component_game-cell"
      >
        <input
          className="game-cell_input"
          maxLength={1}
          onMouseEnter={[Function]}
          type="text"
        />
      </div>
      <div
        className="component_game-cell"
      >
        <input
          className="game-cell_input"
          maxLength={1}
          onMouseEnter={[Function]}
          type="text"
        />
      </div>
      <div
        className="component_game-cell"
      >
        <input
          className="game-cell_input"
          maxLength={1}
          onMouseEnter={[Function]}
          type="text"
        />
      </div>
      <div
        className="component_game-cell"
      >
        <input
          className="game-cell_input"
          maxLength={1}
          onMouseEnter={[Function]}
          type="text"
        />
      </div>
      <div
        className="component_game-cell"
      >
        <input
          className="game-cell_input"
          maxLength={1}
          onMouseEnter={[Function]}
          type="text"
        />
      </div>
      <div
        className="component_game-cell"
      >
        <input
          className="game-cell_input"
          maxLength={1}
          onMouseEnter={[Function]}
          type="text"
        />
      </div>
      <div
        className="component_game-cell"
      >
        <input
          className="game-cell_input"
          maxLength={1}
          onMouseEnter={[Function]}
          type="text"
        />
      </div>
    </div>
    <div
      className="component_game-block"
    >
      <div
        className="component_game-cell"
      >
        <input
          className="game-cell_input"
          maxLength={1}
          onMouseEnter={[Function]}
          type="text"
        />
      </div>
      <div
        className="component_game-cell"
      >
        <input
          className="game-cell_input"
          maxLength={1}
          onMouseEnter={[Function]}
          type="text"
        />
      </div>
      <div
        className="component_game-cell"
      >
        <input
          className="game-cell_input"
          maxLength={1}
          onMouseEnter={[Function]}
          type="text"
        />
      </div>
      <div
        className="component_game-cell"
      >
        <input
          className="game-cell_input"
          maxLength={1}
          onMouseEnter={[Function]}
          type="text"
        />
      </div>
      <div
        className="component_game-cell"
      >
        <input
          className="game-cell_input"
          maxLength={1}
          onMouseEnter={[Function]}
          type="text"
        />
      </div>
      <div
        className="component_game-cell"
      >
        <input
          className="game-cell_input"
          maxLength={1}
          onMouseEnter={[Function]}
          type="text"
        />
      </div>
      <div
        className="component_game-cell"
      >
        <input
          className="game-cell_input"
          maxLength={1}
          onMouseEnter={[Function]}
          type="text"
        />
      </div>
      <div
        className="component_game-cell"
      >
        <input
          className="game-cell_input"
          maxLength={1}
          onMouseEnter={[Function]}
          type="text"
        />
      </div>
      <div
        className="component_game-cell"
      >
        <input
          className="game-cell_input"
          maxLength={1}
          onMouseEnter={[Function]}
          type="text"
        />
      </div>
    </div>
    <div
      className="component_game-block"
    >
      <div
        className="component_game-cell"
      >
        <input
          className="game-cell_input"
          maxLength={1}
          onMouseEnter={[Function]}
          type="text"
        />
      </div>
      <div
        className="component_game-cell"
      >
        <input
          className="game-cell_input"
          maxLength={1}
          onMouseEnter={[Function]}
          type="text"
        />
      </div>
      <div
        className="component_game-cell"
      >
        <input
          className="game-cell_input"
          maxLength={1}
          onMouseEnter={[Function]}
          type="text"
        />
      </div>
      <div
        className="component_game-cell"
      >
        <input
          className="game-cell_input"
          maxLength={1}
          onMouseEnter={[Function]}
          type="text"
        />
      </div>
      <div
        className="component_game-cell"
      >
        <input
          className="game-cell_input"
          maxLength={1}
          onMouseEnter={[Function]}
          type="text"
        />
      </div>
      <div
        className="component_game-cell"
      >
        <input
          className="game-cell_input"
          maxLength={1}
          onMouseEnter={[Function]}
          type="text"
        />
      </div>
      <div
        className="component_game-cell"
      >
        <input
          className="game-cell_input"
          maxLength={1}
          onMouseEnter={[Function]}
          type="text"
        />
      </div>
      <div
        className="component_game-cell"
      >
        <input
          className="game-cell_input"
          maxLength={1}
          onMouseEnter={[Function]}
          type="text"
        />
      </div>
      <div
        className="component_game-cell"
      >
        <input
          className="game-cell_input"
          maxLength={1}
          onMouseEnter={[Function]}
          type="text"
        />
      </div>
    </div>
    <div
      className="component_game-block"
    >
      <div
        className="component_game-cell"
      >
        <input
          className="game-cell_input"
          maxLength={1}
          onMouseEnter={[Function]}
          type="text"
        />
      </div>
      <div
        className="component_game-cell"
      >
        <input
          className="game-cell_input"
          maxLength={1}
          onMouseEnter={[Function]}
          type="text"
        />
      </div>
      <div
        className="component_game-cell"
      >
        <input
          className="game-cell_input"
          maxLength={1}
          onMouseEnter={[Function]}
          type="text"
        />
      </div>
      <div
        className="component_game-cell"
      >
        <input
          className="game-cell_input"
          maxLength={1}
          onMouseEnter={[Function]}
          type="text"
        />
      </div>
      <div
        className="component_game-cell"
      >
        <input
          className="game-cell_input"
          maxLength={1}
          onMouseEnter={[Function]}
          type="text"
        />
      </div>
      <div
        className="component_game-cell"
      >
        <input
          className="game-cell_input"
          maxLength={1}
          onMouseEnter={[Function]}
          type="text"
        />
      </div>
      <div
        className="component_game-cell"
      >
        <input
          className="game-cell_input"
          maxLength={1}
          onMouseEnter={[Function]}
          type="text"
        />
      </div>
      <div
        className="component_game-cell"
      >
        <input
          className="game-cell_input"
          maxLength={1}
          onMouseEnter={[Function]}
          type="text"
        />
      </div>
      <div
        className="component_game-cell"
      >
        <input
          className="game-cell_input"
          maxLength={1}
          onMouseEnter={[Function]}
          type="text"
        />
      </div>
    </div>
    <div
      className="component_game-block"
    >
      <div
        className="component_game-cell"
      >
        <input
          className="game-cell_input"
          maxLength={1}
          onMouseEnter={[Function]}
          type="text"
        />
      </div>
      <div
        className="component_game-cell"
      >
        <input
          className="game-cell_input"
          maxLength={1}
          onMouseEnter={[Function]}
          type="text"
        />
      </div>
      <div
        className="component_game-cell"
      >
        <input
          className="game-cell_input"
          maxLength={1}
          onMouseEnter={[Function]}
          type="text"
        />
      </div>
      <div
        className="component_game-cell"
      >
        <input
          className="game-cell_input"
          maxLength={1}
          onMouseEnter={[Function]}
          type="text"
        />
      </div>
      <div
        className="component_game-cell"
      >
        <input
          className="game-cell_input"
          maxLength={1}
          onMouseEnter={[Function]}
          type="text"
        />
      </div>
      <div
        className="component_game-cell"
      >
        <input
          className="game-cell_input"
          maxLength={1}
          onMouseEnter={[Function]}
          type="text"
        />
      </div>
      <div
        className="component_game-cell"
      >
        <input
          className="game-cell_input"
          maxLength={1}
          onMouseEnter={[Function]}
          type="text"
        />
      </div>
      <div
        className="component_game-cell"
      >
        <input
          className="game-cell_input"
          maxLength={1}
          onMouseEnter={[Function]}
          type="text"
        />
      </div>
      <div
        className="component_game-cell"
      >
        <input
          className="game-cell_input"
          maxLength={1}
          onMouseEnter={[Function]}
          type="text"
        />
      </div>
    </div>
    <div
      className="component_game-block"
    >
      <div
        className="component_game-cell"
      >
        <input
          className="game-cell_input"
          maxLength={1}
          onMouseEnter={[Function]}
          type="text"
        />
      </div>
      <div
        className="component_game-cell"
      >
        <input
          className="game-cell_input"
          maxLength={1}
          onMouseEnter={[Function]}
          type="text"
        />
      </div>
      <div
        className="component_game-cell"
      >
        <input
          className="game-cell_input"
          maxLength={1}
          onMouseEnter={[Function]}
          type="text"
        />
      </div>
      <div
        className="component_game-cell"
      >
        <input
          className="game-cell_input"
          maxLength={1}
          onMouseEnter={[Function]}
          type="text"
        />
      </div>
      <div
        className="component_game-cell"
      >
        <input
          className="game-cell_input"
          maxLength={1}
          onMouseEnter={[Function]}
          type="text"
        />
      </div>
      <div
        className="component_game-cell"
      >
        <input
          className="game-cell_input"
          maxLength={1}
          onMouseEnter={[Function]}
          type="text"
        />
      </div>
      <div
        className="component_game-cell"
      >
        <input
          className="game-cell_input"
          maxLength={1}
          onMouseEnter={[Function]}
          type="text"
        />
      </div>
      <div
        className="component_game-cell"
      >
        <input
          className="game-cell_input"
          maxLength={1}
          onMouseEnter={[Function]}
          type="text"
        />
      </div>
      <div
        className="component_game-cell"
      >
        <input
          className="game-cell_input"
          maxLength={1}
          onMouseEnter={[Function]}
          type="text"
        />
      </div>
    </div>
    <div
      className="component_game-block"
    >
      <div
        className="component_game-cell"
      >
        <input
          className="game-cell_input"
          maxLength={1}
          onMouseEnter={[Function]}
          type="text"
        />
      </div>
      <div
        className="component_game-cell"
      >
        <input
          className="game-cell_input"
          maxLength={1}
          onMouseEnter={[Function]}
          type="text"
        />
      </div>
      <div
        className="component_game-cell"
      >
        <input
          className="game-cell_input"
          maxLength={1}
          onMouseEnter={[Function]}
          type="text"
        />
      </div>
      <div
        className="component_game-cell"
      >
        <input
          className="game-cell_input"
          maxLength={1}
          onMouseEnter={[Function]}
          type="text"
        />
      </div>
      <div
        className="component_game-cell"
      >
        <input
          className="game-cell_input"
          maxLength={1}
          onMouseEnter={[Function]}
          type="text"
        />
      </div>
      <div
        className="component_game-cell"
      >
        <input
          className="game-cell_input"
          maxLength={1}
          onMouseEnter={[Function]}
          type="text"
        />
      </div>
      <div
        className="component_game-cell"
      >
        <input
          className="game-cell_input"
          maxLength={1}
          onMouseEnter={[Function]}
          type="text"
        />
      </div>
      <div
        className="component_game-cell"
      >
        <input
          className="game-cell_input"
          maxLength={1}
          onMouseEnter={[Function]}
          type="text"
        />
      </div>
      <div
        className="component_game-cell"
      >
        <input
          className="game-cell_input"
          maxLength={1}
          onMouseEnter={[Function]}
          type="text"
        />
      </div>
    </div>
    <div
      className="component_game-block"
    >
      <div
        className="component_game-cell"
      >
        <input
          className="game-cell_input"
          maxLength={1}
          onMouseEnter={[Function]}
          type="text"
        />
      </div>
      <div
        className="component_game-cell"
      >
        <input
          className="game-cell_input"
          maxLength={1}
          onMouseEnter={[Function]}
          type="text"
        />
      </div>
      <div
        className="component_game-cell"
      >
        <input
          className="game-cell_input"
          maxLength={1}
          onMouseEnter={[Function]}
          type="text"
        />
      </div>
      <div
        className="component_game-cell"
      >
        <input
          className="game-cell_input"
          maxLength={1}
          onMouseEnter={[Function]}
          type="text"
        />
      </div>
      <div
        className="component_game-cell"
      >
        <input
          className="game-cell_input"
          maxLength={1}
          onMouseEnter={[Function]}
          type="text"
        />
      </div>
      <div
        className="component_game-cell"
      >
        <input
          className="game-cell_input"
          maxLength={1}
          onMouseEnter={[Function]}
          type="text"
        />
      </div>
      <div
        className="component_game-cell"
      >
        <input
          className="game-cell_input"
          maxLength={1}
          onMouseEnter={[Function]}
          type="text"
        />
      </div>
      <div
        className="component_game-cell"
      >
        <input
          className="game-cell_input"
          maxLength={1}
          onMouseEnter={[Function]}
          type="text"
        />
      </div>
      <div
        className="component_game-cell"
      >
        <input
          className="game-cell_input"
          maxLength={1}
          onMouseEnter={[Function]}
          type="text"
        />
      </div>
    </div>
    <div
      className="component_game-block"
    >
      <div
        className="component_game-cell"
      >
        <input
          className="game-cell_input"
          maxLength={1}
          onMouseEnter={[Function]}
          type="text"
        />
      </div>
      <div
        className="component_game-cell"
      >
        <input
          className="game-cell_input"
          maxLength={1}
          onMouseEnter={[Function]}
          type="text"
        />
      </div>
      <div
        className="component_game-cell"
      >
        <input
          className="game-cell_input"
          maxLength={1}
          onMouseEnter={[Function]}
          type="text"
        />
      </div>
      <div
        className="component_game-cell"
      >
        <input
          className="game-cell_input"
          maxLength={1}
          onMouseEnter={[Function]}
          type="text"
        />
      </div>
      <div
        className="component_game-cell"
      >
        <input
          className="game-cell_input"
          maxLength={1}
          onMouseEnter={[Function]}
          type="text"
        />
      </div>
      <div
        className="component_game-cell"
      >
        <input
          className="game-cell_input"
          maxLength={1}
          onMouseEnter={[Function]}
          type="text"
        />
      </div>
      <div
        className="component_game-cell"
      >
        <input
          className="game-cell_input"
          maxLength={1}
          onMouseEnter={[Function]}
          type="text"
        />
      </div>
      <div
        className="component_game-cell"
      >
        <input
          className="game-cell_input"
          maxLength={1}
          onMouseEnter={[Function]}
          type="text"
        />
      </div>
      <div
        className="component_game-cell"
      >
        <input
          className="game-cell_input"
          maxLength={1}
          onMouseEnter={[Function]}
          type="text"
        />
      </div>
    </div>
  </section>
</div>
`;
